
> speedy-van-monorepo@1.0.0 build /home/runner/work/sv/sv
> turbo run build

• Packages in scope: @speedy-van/app, @speedy-van/pricing, @speedy-van/shared, @speedy-van/utils, speedy-van-driver-app
• Running build in 5 packages
• Remote caching disabled
::group::@speedy-van/shared:build
cache hit, replaying logs 50e5f5a32464f346

> @speedy-van/shared@1.0.0 build /home/runner/work/sv/sv/packages/shared
> rimraf dist && tsc

::endgroup::
::group::@speedy-van/utils:build
cache hit, replaying logs 53524670c05cf98e

> @speedy-van/utils@1.0.0 build /home/runner/work/sv/sv/packages/utils
> tsc

::endgroup::
::group::@speedy-van/pricing:build
cache hit, replaying logs 2e3d9cacbac3eb08

> @speedy-van/pricing@1.0.0 build /home/runner/work/sv/sv/packages/pricing
> tsc

::endgroup::
[;31m@speedy-van/app:build[;0m
cache miss, executing 710e66f19976f40b

> @speedy-van/app@1.0.0 prebuild /home/runner/work/sv/sv/apps/web
> prisma generate --schema=../../packages/shared/prisma/schema.prisma

Prisma schema loaded from ../../packages/shared/prisma/schema.prisma

✔ Generated Prisma Client (v6.16.2) to ./../../node_modules/.prisma/client in 766ms

Start by importing your Prisma Client (See: https://pris.ly/d/importing-client)

Tip: Interested in query caching in just a few lines of code? Try Accelerate today! https://pris.ly/tip-3-accelerate


> @speedy-van/app@1.0.0 build /home/runner/work/sv/sv/apps/web
> cross-env NODE_OPTIONS=--max-old-space-size=4096 next build

⚠ No build cache found. Please configure build caching for faster rebuilds. Read more: https://nextjs.org/docs/messages/no-cache
Attention: Next.js now collects completely anonymous telemetry regarding usage.
This information is used to shape Next.js' roadmap and prioritize features.
You can learn more, including how to opt-out if you'd not like to participate in this anonymous program, by visiting the following URL:
https://nextjs.org/telemetry

  ▲ Next.js 14.2.33
  - Experiments (use with caution):
    · esmExternals
    · instrumentationHook
    · optimisticClientCache

   Creating an optimized production build ...
request to https://fonts.googleapis.com/css2?family=Inter:wght@400;500;600;700&display=swap failed, reason: getaddrinfo ENOTFOUND fonts.googleapis.com

Retrying 1/3...
request to https://fonts.googleapis.com/css2?family=Inter:wght@400;500;600;700&display=swap failed, reason: getaddrinfo ENOTFOUND fonts.googleapis.com

Retrying 2/3...
request to https://fonts.googleapis.com/css2?family=Inter:wght@400;500;600;700&display=swap failed, reason: getaddrinfo ENOTFOUND fonts.googleapis.com

Retrying 3/3...
FetchError: request to https://fonts.googleapis.com/css2?family=Inter:wght@400;500;600;700&display=swap failed, reason: getaddrinfo ENOTFOUND fonts.googleapis.com
    at ClientRequest.<anonymous> (/home/runner/work/sv/sv/node_modules/next/dist/compiled/node-fetch/index.js:1:66160)
    at ClientRequest.emit (node:events:524:28)
    at emitErrorEvent (node:_http_client:101:11)
    at TLSSocket.socketErrorListener (node:_http_client:504:5)
    at TLSSocket.emit (node:events:524:28)
    at emitErrorNT (node:internal/streams/destroy:169:8)
    at emitErrorCloseNT (node:internal/streams/destroy:128:3)
    at process.processTicksAndRejections (node:internal/process/task_queues:82:21) {
  type: 'system',
  errno: 'ENOTFOUND',
  code: 'ENOTFOUND'
}
Failed to compile.

src/app/layout.tsx
`next/font` error:
Failed to fetch `Inter` from Google Fonts.


> Build failed because of webpack errors
 ELIFECYCLE  Command failed with exit code 1.
[ERROR] command finished with error: command (/home/runner/work/sv/sv/apps/web) /usr/local/bin/pnpm run build exited (1)
::error::@speedy-van/app#build: command (/home/runner/work/sv/sv/apps/web) /usr/local/bin/pnpm run build exited (1)

 Tasks:    3 successful, 4 total
Cached:    3 cached, 4 total
  Time:    2m41.413s 
Failed:    @speedy-van/app#build

 ERROR  run failed: command  exited (1)
 ELIFECYCLE  Command failed with exit code 1.
